#+TITLE: Test File For chaseadamsio/goorgeous
#+AUTHOR: Chase Adams
#+DATE: 2017-12-24
#+DESCRIPTION: Just another golang parser for org content!
#+OPTIONS: toc:2
#+TOC: true
